CANSPI.c:39:6:CANSPI_Sleep	8	static
CANSPI.c:51:6:CANSPI_Initialize	40	static
CANSPI.c:154:9:CANSPI_Transmit	24	static
CANSPI.c:202:9:CANSPI_Receive	40	static
CANSPI.c:253:9:CANSPI_messagesInBuffer	16	static
CANSPI.c:273:9:CANSPI_isBussOff	16	static
CANSPI.c:288:9:CANSPI_isRxErrorPassive	16	static
CANSPI.c:303:9:CANSPI_isTxErrorPassive	16	static
CANSPI.c:318:17:convertReg2ExtendedCANid	32	static
CANSPI.c:340:17:convertReg2StandardCANid	24	static
CANSPI.c:353:13:convertCANid2Reg	32	static
